// Jest Snapshot v1, https://goo.gl/fbAQLP

exports[`CardList component should render CardList component 1`] = `ShallowWrapper {}`;
